Script started on Thu 06 Feb 2020 10:18:58 PM CST
]0;Connor@localhost:/home/Connor/Documents/comp3500/project1[?1034h[root@localhost project1]# ./simple
2.571707]0;Connor@localhost:/home/Connor/Documents/comp3500/project1[root@localhost project1]# ls
commands.script  interrupts.txt  meminfo.txt  simple.c
cpuinfo.txt      lspci.txt       [0m[01;32msimple[0m       typescript
[m]0;Connor@localhost:/home/Connor/Documents/comp3500/project1[root@localhost project1]# vim .gdb[K[K[K[K[K[K[K[Kcat > .gdbinit
file simple
break main
break sqrt
info registers]0;Connor@localhost:/home/Connor/Documents/comp3500/project1[root@localhost project1]# ls
commands.script  interrupts.txt  meminfo.txt  simple.c
cpuinfo.txt      lspci.txt       [0m[01;32msimple[0m       typescript
[m]0;Connor@localhost:/home/Connor/Documents/comp3500/project1[root@localhost project1]# ./.gdbinit
bash: ./.gdbinit: Permission denied
]0;Connor@localhost:/home/Connor/Documents/comp3500/project1[root@localhost project1]# chmod a=rwx .gdbinit
]0;Connor@localhost:/home/Connor/Documents/comp3500/project1[root@localhost project1]# chmod a=rwx .gdbinit[10P./.gdbinit
simple: ELF 32-bit LSB executable, Intel 80386, version 1 (SYSV), dynamically linked (uses shared libs), for GNU/Linux 2.6.18, not stripped
./.gdbinit: line 2: break: only meaningful in a `for', `while', or `until' loop
./.gdbinit: line 3: break: only meaningful in a `for', `while', or `until' loop
[?1h=[?1049h[H[2J[24;1HNo menu item `registers' in node `(dir)Top'.[1;1HFile: dir       Node: Top       This is the top of the INFO tree[3;1H  This (the Directory node) gives a menu of major topics. [4;1H  Typing "q" exits, "?" lists all Info commands, "d" returns here,[5;1H  "h" gives a primer for first-timers,[6;1H  "mEmacs<Return>" visits the Emacs topic, etc.[8;1H  In Emacs, you can click mouse button 2 on a menu item or cross reference[9;1H  to select it.[11;1H* Menu: [13;1HArchiving[14;1H* Cpio: (cpio).                 Copy-in-copy-out archiver to tape or disk.[15;1H* Tar: (tar).                   Making tape (or disk) archives.[17;1HBasics[18;1H* Common options: (coreutils)Common options.[19;1H                                Common options.[20;1H* Coreutils: (coreutils).       Core GNU (file, text, shell) utilities.[21;1H* Date input formats: (coreutils)Date input formats.[22;1H* File permissions: (coreutils)File permissions.[23;1H[7m-----Info: (dir)Top, 1992 lines --Top-------------------------------------------[0m[24;1HNo menu item `registers' in node `(dir)Top'.[24;1HNo menu item `registers' in node `(dir)Top'.[1;1H[24;1H[K[24;1HUnknown command (a).[24;1HUnknown command (a).[1;1H[24;1H[K[24;1HUnknown command (a).[24;1HUnknown command (a).[1;1H[24;1H[K[?1l>[?1049l
[1]+  Stopped                 ./.gdbinit
]0;Connor@localhost:/home/Connor/Documents/comp3500/project1[root@localhost project1]# gdb
[?1034hGNU gdb (GDB) Red Hat Enterprise Linux (7.2-92.el6)
Copyright (C) 2010 Free Software Foundation, Inc.
License GPLv3+: GNU GPL version 3 or later <http://gnu.org/licenses/gpl.html>
This is free software: you are free to change and redistribute it.
There is NO WARRANTY, to the extent permitted by law.  Type "show copying"
and "show warranty" for details.
This GDB was configured as "i686-redhat-linux-gnu".
For bug reporting instructions, please see:
<http://www.gnu.org/software/gdb/bugs/>.
warning: File "/home/Connor/Documents/comp3500/project1/.gdbinit" auto-loading has been declined by your `auto-load safe-path' set to "/usr/share/gdb/auto-load:/usr/lib/debug:/usr/bin/mono-gdb.py".
To enable execution of this file add
	add-auto-load-safe-path /home/Connor/Documents/comp3500/project1/.gdbinit
line to your configuration file "/root/.gdbinit".
To completely disable this security protection add
	set auto-load safe-path /
line to your configuration file "/root/.gdbinit".
For more information about this security protection see the
"Auto-loading safe path" section in the GDB manual.  E.g., run from the shell:
	info "(gdb)Auto-loading safe path"
(gdb) r
Starting program:  
No executable file specified.
Use the "file" or "exec-file" command.
(gdb) file simple
Reading symbols from /home/Connor/Documents/comp3500/project1/simple...done.
(gdb) break main
Breakpoint 1 at 0x804844d: file simple.c, line 5.
(gdb) break sqrt
Breakpoint 2 at 0x8048364
(gdb) info registers
The program has no registers now.
(gdb) g[Kr
Starting program: /home/Connor/Documents/comp3500/project1/simple 

Breakpoint 1, main () at simple.c:5
5		int nums[10] = {1, 3, 4, 5, 6, 7, 9, 11, 12, 15};
Missing separate debuginfos, use: debuginfo-install glibc-2.12-1.212.el6_10.3.i686
(gdb) n
6		double avg = 0;
(gdb) s
8		for (i = 0; i < 10; i++) {
(gdb) c
Continuing.
2.571707
Program exited with code 02.
(gdb) ^Z
[2]+  Stopped                 gdb
]0;Connor@localhost:/home/Connor/Documents/comp3500/project1[root@localhost project1]# exit
exit
There are stopped jobs.
]0;Connor@localhost:/home/Connor/Documents/comp3500/project1[root@localhost project1]# ls
commands.script  interrupts.txt  meminfo.txt  simple.c
cpuinfo.txt      lspci.txt       [0m[01;32msimple[0m       typescript
[m]0;Connor@localhost:/home/Connor/Documents/comp3500/project1[root@localhost project1]# mv typescript debugger.script
]0;Connor@localhost:/home/Connor/Documents/comp3500/project1[root@localhost project1]# ls
commands.script  debugger.script  lspci.txt    [0m[01;32msimple[0m
cpuinfo.txt      interrupts.txt   meminfo.txt  simple.c
[m]0;Connor@localhost:/home/Connor/Documents/comp3500/project1[root@localhost project1]# git add *.c
fatal: Not a git repository (or any of the parent directories): .git
]0;Connor@localhost:/home/Connor/Documents/comp3500/project1[root@localhost project1]# ~[Kcd ~/comp3500/project1
bash: cd: /root/comp3500/project1: No such file or directory
]0;Connor@localhost:/home/Connor/Documents/comp3500/project1[root@localhost project1]# .git
bash: .git: command not found
]0;Connor@localhost:/home/Connor/Documents/comp3500/project1[root@localhost project1]# git
usage: git [--version] [--exec-path[=GIT_EXEC_PATH]] [--html-path]
           [-p|--paginate|--no-pager] [--no-replace-objects]
           [--bare] [--git-dir=GIT_DIR] [--work-tree=GIT_WORK_TREE]
           [--help] COMMAND [ARGS]

The most commonly used git commands are:
   add        Add file contents to the index
   bisect     Find by binary search the change that introduced a bug
   branch     List, create, or delete branches
   checkout   Checkout a branch or paths to the working tree
   clone      Clone a repository into a new directory
   commit     Record changes to the repository
   diff       Show changes between commits, commit and working tree, etc
   fetch      Download objects and refs from another repository
   grep       Print lines matching a pattern
   init       Create an empty git repository or reinitialize an existing one
   log        Show commit logs
   merge      Join two or more development histories together
   mv         Move or rename a file, a directory, or a symlink
   pull       Fetch from and merge with another repository or a local branch
   push       Update remote refs along with associated objects
   rebase     Forward-port local commits to the updated upstream head
   reset      Reset current HEAD to the specified state
   rm         Remove files from the working tree and from the index
   show       Show various types of objects
   status     Show the working tree status
   tag        Create, list, delete or verify a tag object signed with GPG

See 'git help COMMAND' for more information on a specific command.
]0;Connor@localhost:/home/Connor/Documents/comp3500/project1[root@localhost project1]# git -v
Unknown option: -v
usage: git [--version] [--exec-path[=GIT_EXEC_PATH]] [--html-path]
           [-p|--paginate|--no-pager] [--no-replace-objects]
           [--bare] [--git-dir=GIT_DIR] [--work-tree=GIT_WORK_TREE]
           [--help] COMMAND [ARGS]
]0;Connor@localhost:/home/Connor/Documents/comp3500/project1[root@localhost project1]# git --version
git version 1.7.1
]0;Connor@localhost:/home/Connor/Documents/comp3500/project1[root@localhost project1]# clear
[H[2J]0;Connor@localhost:/home/Connor/Documents/comp3500/project1[root@localhost project1]# git add LIS[KCENSE
fatal: Not a git repository (or any of the parent directories): .git
]0;Connor@localhost:/home/Connor/Documents/comp3500/project1[root@localhost project1]# git help
usage: git [--version] [--exec-path[=GIT_EXEC_PATH]] [--html-path]
           [-p|--paginate|--no-pager] [--no-replace-objects]
           [--bare] [--git-dir=GIT_DIR] [--work-tree=GIT_WORK_TREE]
           [--help] COMMAND [ARGS]

The most commonly used git commands are:
   add        Add file contents to the index
   bisect     Find by binary search the change that introduced a bug
   branch     List, create, or delete branches
   checkout   Checkout a branch or paths to the working tree
   clone      Clone a repository into a new directory
   commit     Record changes to the repository
   diff       Show changes between commits, commit and working tree, etc
   fetch      Download objects and refs from another repository
   grep       Print lines matching a pattern
   init       Create an empty git repository or reinitialize an existing one
   log        Show commit logs
   merge      Join two or more development histories together
   mv         Move or rename a file, a directory, or a symlink
   pull       Fetch from and merge with another repository or a local branch
   push       Update remote refs along with associated objects
   rebase     Forward-port local commits to the updated upstream head
   reset      Reset current HEAD to the specified state
   rm         Remove files from the working tree and from the index
   show       Show various types of objects
   status     Show the working tree status
   tag        Create, list, delete or verify a tag object signed with GPG

See 'git help COMMAND' for more information on a specific command.
]0;Connor@localhost:/home/Connor/Documents/comp3500/project1[root@localhost project1]# git init
Initialized empty Git repository in /home/Connor/Documents/comp3500/project1/.git/
]0;Connor@localhost:/home/Connor/Documents/comp3500/project1[root@localhost project1]# cd
]0;Connor@localhost:~[root@localhost ~]# ls[K[Kdir[K[K[Kls
anaconda-ks.cfg  post-install  post-install.log
]0;Connor@localhost:~[root@localhost ~]# cd [K[K[Kcd ..
]0;Connor@localhost:/[root@localhost /]# dir
bin   dev  home  lost+found  mnt  proc	sbin	 srv  tmp  var
boot  etc  lib	 media	     opt  root	selinux  sys  usr
]0;Connor@localhost:/[root@localhost /]# cd usr
]0;Connor@localhost:/usr[root@localhost usr]# d[Kls
[0m[01;34mbin[0m  [01;34metc[0m  [01;34mgames[0m  [01;34minclude[0m  [01;34mlib[0m  [01;34mlibexec[0m  [01;34mlocal[0m  [01;34msbin[0m  [01;34mshare[0m  [01;34msrc[0m  [01;36mtmp[0m
[m]0;Connor@localhost:/usr[root@localhost usr]# cd sr[K[Kgames
]0;Connor@localhost:/usr/games[root@localhost games]# ls
]0;Connor@localhost:/usr/games[root@localhost games]# cd ..
]0;Connor@localhost:/usr[root@localhost usr]# cd [K[Kd ..
]0;Connor@localhost:/[root@localhost /]# ls
[0m[01;34mbin[0m   [01;34mdev[0m  [01;34mhome[0m  [01;34mlost+found[0m  [01;34mmnt[0m  [01;34mproc[0m  [01;34msbin[0m     [01;34msrv[0m  [30;42mtmp[0m  [01;34mvar[0m
[01;34mboot[0m  [01;34metc[0m  [01;34mlib[0m   [01;34mmedia[0m       [01;34mopt[0m  [01;34mroot[0m  [01;34mselinux[0m  [01;34msys[0m  [01;34musr[0m
[m]0;Connor@localhost:/[root@localhost /]# cd ..
]0;Connor@localhost:/[root@localhost /]# ls
[0m[01;34mbin[0m   [01;34mdev[0m  [01;34mhome[0m  [01;34mlost+found[0m  [01;34mmnt[0m  [01;34mproc[0m  [01;34msbin[0m     [01;34msrv[0m  [30;42mtmp[0m  [01;34mvar[0m
[01;34mboot[0m  [01;34metc[0m  [01;34mlib[0m   [01;34mmedia[0m       [01;34mopt[0m  [01;34mroot[0m  [01;34mselinux[0m  [01;34msys[0m  [01;34musr[0m
[m]0;Connor@localhost:/[root@localhost /]# cd project1
bash: cd: project1: No such file or directory
]0;Connor@localhost:/[root@localhost /]# cd s[Khome
]0;Connor@localhost:/home[root@localhost home]# ls
[0m[01;34mConnor[0m
[m]0;Connor@localhost:/home[root@localhost home]# cd Connor
]0;Connor@localhost:/home/Connor[root@localhost Connor]# ls
[0m[01;34mDesktop[0m  [01;34mDocuments[0m  [01;34mDownloads[0m  [01;34mMusic[0m  [01;34mPictures[0m  [01;34mPublic[0m  [01;34mTemplates[0m  [01;34mVideos[0m
[m]0;Connor@localhost:/home/Connor[root@localhost Connor]# cd Documents
]0;Connor@localhost:/home/Connor/Documents[root@localhost Documents]# ls
[0m[01;34mcomp3500[0m
[m]0;Connor@localhost:/home/Connor/Documents[root@localhost Documents]# cd comp3500
]0;Connor@localhost:/home/Connor/Documents/comp3500[root@localhost comp3500]# cs[K[Kcd project1
]0;Connor@localhost:/home/Connor/Documents/comp3500/project1[root@localhost project1]# ls
commands.script  debugger.script  lspci.txt    [0m[01;32msimple[0m
cpuinfo.txt      interrupts.txt   meminfo.txt  simple.c
[m]0;Connor@localhost:/home/Connor/Documents/comp3500/project1[root@localhost project1]# git add *.c
]0;Connor@localhost:/home/Connor/Documents/comp3500/project1[root@localhost project1]# git add LICENSE
fatal: pathspec 'LICENSE' did not match any files
]0;Connor@localhost:/home/Connor/Documents/comp3500/project1[root@localhost project1]# git commit -m 'initial proe[Kject version'
[master (root-commit) 4769ba8] initial project version
 Committer: root <root@localhost.localdomain>
Your name and email address were configured automatically based
on your username and hostname. Please check that they are accurate.
You can suppress this message by setting them explicitly:

    git config --global user.name "Your Name"
    git config --global user.email you@example.com

If the identity used for this commit is wrong, you can fix it with:

    git commit --amend --author='Your Name <you@example.com>'

 1 files changed, 14 insertions(+), 0 deletions(-)
 create mode 100644 simple.c
]0;Connor@localhost:/home/Connor/Documents/comp3500/project1[root@localhost project1]# git clone https://github.com/cranz[Klz/OSproject1.git
Initialized empty Git repository in /home/Connor/Documents/comp3500/project1/OSproject1/.git/
error:  while accessing https://github.com/cranlz/OSproject1.git/info/refs

fatal: HTTP request failed
]0;Connor@localhost:/home/Connor/Documents/comp3500/project1[root@localhost project1]# ht[K[Kgit clone https://github.com/cranlz/OSproject1.git[C[C[C[C[C[C[C[C[C[C[C[C[C[C[C[C[C[C[C[C[C[C[C[C[C[C[C[C[C[C[C[C[C[C[C[C[C[C[C[C[C[C[C[C[C[C[C[C[C[C[C[C[C[C[C[C[C[C[C[C[C[C[C[C[C[C[C[C[C[C[C[C[C[C[C[C[C[C[K[K[K[K[K[K[K[K[K[K[K[K[K[K[K[K[K[K[K[K[K[K[K[K[K[K[K[K[K[K[K[K[K[K[K[K[K[K[K[K[K[K[K[K[K[K[K[K[K[Kls
commands.script  debugger.script  lspci.txt    [0m[01;32msimple[0m
cpuinfo.txt      interrupts.txt   meminfo.txt  simple.c
[m]0;Connor@localhost:/home/Connor/Documents/comp3500/project1[root@localhost project1]# cd .git
]0;Connor@localhost:/home/Connor/Documents/comp3500/project1/.git[root@localhost .git]# ls
[0m[01;34mbranches[0m        config       HEAD   index  [01;34mlogs[0m     [01;34mrefs[0m
COMMIT_EDITMSG  description  [01;34mhooks[0m  [01;34minfo[0m   [01;34mobjects[0m
[m]0;Connor@localhost:/home/Connor/Documents/comp3500/project1/.git[root@localhost .git]# cd ..[K[K[K[K[Kpwd
/home/Connor/Documents/comp3500/project1/.git
]0;Connor@localhost:/home/Connor/Documents/comp3500/project1/.git[root@localhost .git]# cd [K[K[Kgit diff
[?1h=fatal: This operation must be run in a work tree[m
[K[?1l>]0;Connor@localhost:/home/Connor/Documents/comp3500/project1/.git[root@localhost .git]# git log
[?1h=commit 4769ba88b33a72a50254124f47968d15be5a1c3b[m
Author: root <root@localhost.localdomain>[m
Date:   Thu Feb 6 22:42:52 2020 -0600[m
[m
    initial project version[m
[K[?1l>]0;Connor@localhost:/home/Connor/Documents/comp3500/project1/.git[root@localhost .git]# git push
fatal: No destination configured to push to.
]0;Connor@localhost:/home/Connor/Documents/comp3500/project1/.git[root@localhost .git]# git help
usage: git [--version] [--exec-path[=GIT_EXEC_PATH]] [--html-path]
           [-p|--paginate|--no-pager] [--no-replace-objects]
           [--bare] [--git-dir=GIT_DIR] [--work-tree=GIT_WORK_TREE]
           [--help] COMMAND [ARGS]

The most commonly used git commands are:
   add        Add file contents to the index
   bisect     Find by binary search the change that introduced a bug
   branch     List, create, or delete branches
   checkout   Checkout a branch or paths to the working tree
   clone      Clone a repository into a new directory
   commit     Record changes to the repository
   diff       Show changes between commits, commit and working tree, etc
   fetch      Download objects and refs from another repository
   grep       Print lines matching a pattern
   init       Create an empty git repository or reinitialize an existing one
   log        Show commit logs
   merge      Join two or more development histories together
   mv         Move or rename a file, a directory, or a symlink
   pull       Fetch from and merge with another repository or a local branch
   push       Update remote refs along with associated objects
   rebase     Forward-port local commits to the updated upstream head
   reset      Reset current HEAD to the specified state
   rm         Remove files from the working tree and from the index
   show       Show various types of objects
   status     Show the working tree status
   tag        Create, list, delete or verify a tag object signed with GPG

See 'git help COMMAND' for more information on a specific command.
]0;Connor@localhost:/home/Connor/Documents/comp3500/project1/.git[root@localhost .git]# git push ^?[K[K[K[K[K[K[K[K[K[Kcd..[K[K ..
]0;Connor@localhost:/home/Connor/Documents/comp3500/project1[root@localhost project1]# ls
commands.script  debugger.script  lspci.txt    [0m[01;32msimple[0m
cpuinfo.txt      interrupts.txt   meminfo.txt  simple.c
[m]0;Connor@localhost:/home/Connor/Documents/comp3500/project1[root@localhost project1]# git push
fatal: No destination configured to push to.
]0;Connor@localhost:/home/Connor/Documents/comp3500/project1[root@localhost project1]# git status
# On branch master
# Untracked files:
#   (use "git add <file>..." to include in what will be committed)
#
#	.gdbinit
#	commands.script
#	cpuinfo.txt
#	debugger.script
#	interrupts.txt
#	lspci.txt
#	meminfo.txt
#	simple
nothing added to commit but untracked files present (use "git add" to track)
]0;Connor@localhost:/home/Connor/Documents/comp3500/project1[root@localhost project1]# git add simple.c
]0;Connor@localhost:/home/Connor/Documents/comp3500/project1[root@localhost project1]# git status
# On branch master
# Untracked files:
#   (use "git add <file>..." to include in what will be committed)
#
#	.gdbinit
#	commands.script
#	cpuinfo.txt
#	debugger.script
#	interrupts.txt
#	lspci.txt
#	meminfo.txt
#	simple
nothing added to commit but untracked files present (use "git add" to track)
]0;Connor@localhost:/home/Connor/Documents/comp3500/project1[root@localhost project1]# ls
commands.script  debugger.script  lspci.txt    [0m[01;32msimple[0m
cpuinfo.txt      interrupts.txt   meminfo.txt  simple.c
[m]0;Connor@localhost:/home/Connor/Documents/comp3500/project1[root@localhost project1]# git add *.c
]0;Connor@localhost:/home/Connor/Documents/comp3500/project1[root@localhost project1]# git status[K[K[K[K[K[Kadd simple
]0;Connor@localhost:/home/Connor/Documents/comp3500/project1[root@localhost project1]# git add *.txt
]0;Connor@localhost:/home/Connor/Documents/comp3500/project1[root@localhost project1]# git at[Kdd *.script
]0;Connor@localhost:/home/Connor/Documents/comp3500/project1[root@localhost project1]# git add .gdbinit
]0;Connor@localhost:/home/Connor/Documents/comp3500/project1[root@localhost project1]# git status
# On branch master
# Changes to be committed:
#   (use "git reset HEAD <file>..." to unstage)
#
#	new file:   .gdbinit
#	new file:   commands.script
#	new file:   cpuinfo.txt
#	new file:   debugger.script
#	new file:   interrupts.txt
#	new file:   lspci.txt
#	new file:   meminfo.txt
#	new file:   simple
#
]0;Connor@localhost:/home/Connor/Documents/comp3500/project1[root@localhost project1]# git commit
[?1049h[?1h=[1;24r[?12;25h[?12l[?25h[27m[m[H[2J[?25l[24;1H".git/COMMIT_EDITMSG" 19L, 494C[2;1H# Please enter the commit message for your changes. Lines starting
# with '#' will be ignored, and an empty message aborts the commit.
#
# Committer: root <root@localhost.localdomain>
#
# On branch master
# Changes to be committed:
#   (use "git reset HEAD <file>..." to unstage)
#
#       new file:   .gdbinit
#       new file:   commands.script
#       new file:   cpuinfo.txt
#       new file:   debugger.script
#       new file:   interrupts.txt
#       new file:   lspci.txt
#       new file:   meminfo.txt
#       new file:   simple
#
[1m[34m~                                                                               [21;1H~                                                                               [22;1H~                                                                               [23;1H~                                                                               [1;1H[?12l[?25h[?25l[m[24;1H[1m[37m[41mE35: No previous regular expression[1;1H[?12l[?25h
[m# [?25l[24;1H[1m--[m[1m[37m[41m5[m[1m INSERT[m[1m[37m[41mr[m[1m --[m[1m[37m[41mi[m[24;13H[K[2;4H[?12l[?25h[?25l lease enter the commit message for your changes. Lines starting[2;66H[K[2;3H[?12l[?25h[1;1H[?25lC[?12l[?25h[?25lCo[?12l[?25h[?25lom[?12l[?25h[?25lmm[?12l[?25h[?25lmi[?12l[?25h[?25lin[?12l[?25h[?25lnt[?12l[?25h[?25l [?12l[?25h[?25l 1[?12l[?25h[?25l[1;9H[K[1;9H[?12l[?25h[?25l[?12l[?25h[?25l[1;7H[K[1;7H[?12l[?25h[?25l[1;6H[K[1;6H[?12l[?25h[?25li1[?12l[?25h[?25l[1;6H[K[1;6H[?12l[?25h[?25l [?12l[?25h[?25l[?12l[?25h[?25lit[?12l[?25h[?25l [?12l[?25h[?25l 1[?12l[?25h[24;1H[K[1;8H[?25l[?12l[?25h[?25l[24;1H:[?12l[?25hwq[?25l".git/COMMIT_EDITMSG" 19L, 501C written
[?1l>[?12l[?25h[?1049l[master 5eaf32b] Commit 1
 Committer: root <root@localhost.localdomain>
Your name and email address were configured automatically based
on your username and hostname. Please check that they are accurate.
You can suppress this message by setting them explicitly:

    git config --global user.name "Your Name"
    git config --global user.email you@example.com

If the identity used for this commit is wrong, you can fix it with:

    git commit --amend --author='Your Name <you@example.com>'

 8 files changed, 1062 insertions(+), 0 deletions(-)
 create mode 100755 .gdbinit
 create mode 100644 commands.script
 create mode 100644 cpuinfo.txt
 create mode 100644 debugger.script
 create mode 100644 interrupts.txt
 create mode 100644 lspci.txt
 create mode 100644 meminfo.txt
 create mode 100755 simple
]0;Connor@localhost:/home/Connor/Documents/comp3500/project1[root@localhost project1]# git log
[?1h=commit 5eaf32b72bd9b1872037add5e8601b8ba2d3635e[m
Author: root <root@localhost.localdomain>[m
Date:   Thu Feb 6 22:51:05 2020 -0600[m
[m
    Commit 1[m
[m
commit 4769ba88b33a72a50254124f47968d15be5a1c3b[m
Author: root <root@localhost.localdomain>[m
Date:   Thu Feb 6 22:42:52 2020 -0600[m
[m
    initial project version[m
[K[?1l>]0;Connor@localhost:/home/Connor/Documents/comp3500/project1[root@localhost project1]# git e[Khelp push
Formatting page, please wait...
[?1049h[?1h=GIT-PUSH(1)                       Git Manual                       GIT-PUSH(1)

[1mNAME[0m
       git-push - Update remote refs along with associated objects

[1mSYNOPSIS[0m
       [4mgit[24m [4mpush[24m [--all | --mirror | --tags] [-n | --dry-run] [--receive-pack=<gi t-receive-pack>]
                  [--repo=<repository>] [-f | --force] [-v | --verbose] [-u | -- set-upstream]
                  [<repository> [<refspec>...]]

[1mDESCRIPTION[0m
       Updates remote refs using local refs, while sending objects necessary
       to complete the given refs.

       You can make interesting things happen to a repository every time you
       push into it, by setting up [4mhooks[24m there. See documentation for [1mgit-[0m
       [1mreceive-pack[0m(1).

[1mOPTIONS[0m
       <repository>
           The "remote" repository that is destination of a push operation.
:[K[K [KESCESC[KOO[KAA[K[K:[K[K [KESCESC[KOO[KAA[K[K:[K[K [KESCESC[KOO[KAA[K[K:[K[K [KESCESC[KOO[KAA[K[K:[K[K [KESCESC[KOO[KAA[K[K:[K[K [KESCESC[KOO[KAA[K[K:[K[K [KESCESC[KOO[KAA[K[K:[K[K [KESCESC[KOO[KAA[K[K:[K[K [KESCESC[KOO[KAA[K[K:[K[K [KESCESC[KOO[KAA[K[K:[K[K [KESCESC[KOO[KAA[K[K:[K[K [KESCESC[KOO[KAA[K[K:[K[K [KESCESC[KOO[KAA[K[K:[K[K [KESCESC[KOO[KAA[K[K:[K[K [KESCESC[KOO[KAA[K[K:[K[K [KESCESC[KOO[KAA[K[K:[K[K [KESCESC[KOO[KAA[K[K:[K[K [KESCESC[KOO[KAA[K[K:[K[K [KESCESC[KOO[KAA[K[K:[K[K [KESCESC[KOO[KAA[K[K:[K[K [KESCESC[KOO[KAA[K[K:[K[K [KESCESC[KOO[KAA[K[K:[K[K [KESCESC[KOO[KAA[K[K:[K[K [KESCESC[KOO[KAA[K[K:[K[K [KESCESC[KOO[KAA[K[K:[K[K [KESCESC[KOO[KAA[K[K:[K[K [KESCESC[KOO[KAA[K[K:[K[K [KESCESC[KOO[KBB[K           This parameter can be either a URL (see the section GIT URLS below)
:[K[K [KESCESC[KOO[KBB[K           or the name of a remote (see the section REMOTES below).
:[K[K [KESCESC[KOO[KBB[K
:[K[K [KESCESC[KOO[KBB[K       <refspec>...
:[K[K [KESCESC[KOO[KBB[K           The format of a <refspec> parameter is an optional plus +, followed
:[K[K [KESCESC[KOO[KBB[K           by the source ref <src>, followed by a colon :, followed by the
:[K[K [KESCESC[KOO[KBB[K           destination ref <dst>. It is used to specify with what <src> object
:[K[K [KESCESC[KOO[KBB[K           the <dst> ref in the remote repository is to be updated.
:[K[K [KESCESC[KOO[KBB[K
:[K[K [KESCESC[KOO[KBB[K           The <src> is often the name of the branch you would want to push,
:[K[K [KESCESC[KOO[KBB[K           but it can be any arbitrary "SHA-1 expression", such as master~4 or
:[K[K [KESCESC[KOO[KBB[K           HEAD (see [1mgit-rev-parse[0m(1)).
:[K[K [KESCESC[KOO[KBB[K
:[K[K [KESCESC[KOO[KBB[K           The <dst> tells which ref on the remote side is updated with this
:[K[K [KESCESC[KOO[KBB[K           push. Arbitrary expressions cannot be used here, an actual ref must
:[K[K [KESCESC[KOO[KBB[K           be named. If :<dst> is omitted, the same ref as <src> will be
:[K[K [KESCESC[KOO[KBB[K           updated.
:[K[K [KESCESC[KOO[KBB[K
:[K[K [KESCESC[KOO[KBB[K           The object referenced by <src> is used to update the <dst>
:[K[K [KESCESC[KOO[KBB[K           reference on the remote side, but by default this is only allowed
:[K[K [KESCESC[KOO[KBB[K           if the update can fast-forward <dst>. By having the optional
:[K[K [KESCESC[KOO[KBB[K           leading +, you can tell git to update the <dst> ref even when the
:[K[K [KESCESC[KOO[KBB[K           update is not a fast-forward. This does [1mnot[0m attempt to merge <src>
:[K[K [KESCESC[KOO[KBB[K           into <dst>. See EXAMPLES below for details.
:[K[K [KESCESC[KOO[KBB[K
:[K[K [KESCESC[KOO[KBB[K           tag <tag> means the same as refs/tags/<tag>:refs/tags/<tag>.
:[K[K [KESCESC[KOO[KBB[K
:[K[K [KESCESC[KOO[KAA[K[HM       <refspec>...
[24;1H[K:[K[K [KESCESC[KOO[KAA[K[HM
[24;1H[K:[K[K [KESCESC[KOO[KAA[K[HM           or the name of a remote (see the section REMOTES below).
[24;1H[K:[K[K [KESCESC[KOO[KAA[K[HM           This parameter can be either a URL (see the section GIT URLS below)
[24;1H[K:[K[K [KESCESC[KOO[KAA[K[HM           The "remote" repository that is destination of a push operation.
[24;1H[K:[K[K [KESCESC[KOO[KAA[K[HM       <repository>
[24;1H[K:[K[K [KESCESC[KOO[KAA[K[HM[1mOPTIONS[0m
[24;1H[K:[K[K [KESCESC[KOO[KAA[K[HM
[24;1H[K:[K[K [KESCESC[KOO[KAA[K[HM       [1mreceive-pack[0m(1).
[24;1H[K:[K[K [KESCESC[KOO[KAA[K[HM       push into it, by setting up [4mhooks[24m there. See documentation for [1mgit-[0m
[24;1H[K:[K[K [KESCESC[KOO[KAA[K[HM       You can make interesting things happen to a repository every time you
[24;1H[K:[K[K [KESCESC[KOO[KAA[K[HM
[24;1H[K:[K[K [KESCESC[KOO[KAA[K[HM       to complete the given refs.
[24;1H[K:[K[K [KESCESC[KOO[KAA[K[HM       Updates remote refs using local refs, while sending objects necessary
[24;1H[K:[K[K [KESCESC[KOO[KAA[K[HM[1mDESCRIPTION[0m
[24;1H[K:[K[K [KESCESC[KOO[KAA[K[HM
[24;1H[K:[K[K [KESCESC[KOO[KAA[K[HM                  [<repository> [<refspec>...]]
[24;1H[K:[K[K [KESCESC[KOO[KAA[K[HMset-upstream]
[24;1H[K:[K[K [KESCESC[KOO[KAA[K[HM                  [--repo=<repository>] [-f | --force] [-v | --verbose] [-u | --[24;1H[K:[K[K [KESCESC[KOO[KAA[K[HMt-receive-pack>]
[24;1H[K:[K[K [KESCESC[KOO[KAA[K[HM       [4mgit[24m [4mpush[24m [--all | --mirror | --tags] [-n | --dry-run] [--receive-pack=<gi[24;1H[K:[K[K [KESCESC[KOO[KAA[K[HM[1mSYNOPSIS[0m
[24;1H[K:[K[K [KESCESC[KOO[KAA[K[HM
[24;1H[K:[K[K [KESCESC[KOO[KAA[K[HM       git-push - Update remote refs along with associated objects
[24;1H[K:[K[K [KESCESC[KOO[KAA[K[HM[1mNAME[0m
[24;1H[K:[K[K [KESCESC[KOO[KAA[K[HM
[24;1H[K:[K[K [KESCESC[KOO[KAA[K[HMGIT-PUSH(1)                       Git Manual                       GIT-PUSH(1)
[24;1H[K:[K[K [KESCESC[KOO[KAA[K[K:[K[K [KESCESC[KOO[KAA[K[K:[K[K [KESCESC[KOO[KAA[K[K:[K[K [KESCESC[KOO[KAA[K[K:[K[K [KESCESC[KOO[KAA[K[K:[K[K [KESCESC[KOO[KAA[K[K:[K[K [KESCESC[KOO[KAA[K[K:[K[K [KESCESC[KOO[KAA[K[K:[K[K [KESCESC[KOO[KAA[K[K:[K[K [KESCESC[KOO[KAA[K[K:[K[K [KESCESC[KOO[KAA[K[K:[K[K [KESCESC[KOO[KAA[K[K:[K[K [KESCESC[KOO[KAA[K[K:[K[K [KESCESC[KOO[KAA[K[K:[K[K [KESCESC[KOO[KAA[K[K:[K[K [KESCESC[KOO[KAA[K[K:[K[K [KESCESC[KOO[KAA[K[K:[K[K [KESCESC[KOO[KAA[K[K:[K[K [KESCESC[KOO[KAA[K[K:[K[K [KESCESC[KOO[KAA[K[K:[K[K [KESCESC[KOO[KAA[K[K:[K[K [KESCESC[KOO[KAA[K[K:[K[K [KESCESC[KOO[KAA[K[K:[K[K [KESCESC[KOO[KAA[K[K:[K[K [KESCESC[KOO[KAA[K[K:[K[K [KESCESC[KOO[KAA[K[K:[K[K [KESCESC[KOO[KAA[K[K:[K[K [KESCESC[KOO[KAA[K[K:[K[K [KESCESC[KOO[KAA[K[K:[K[K [KESCESC[KOO[KAA[K[K:[K[K [KESCESC[KOO[KAA[K[K:[K[K [KESCESC[KOO[KAA[K[K:[K[K [KESCESC[KOO[KAA[K[K:[K[K [KESCESC[KOO[KAA[K[K:[K[K [KESCESC[KOO[KAA[K[K:[K[K [KESCESC[KOO[KAA[K[K:[K[K [KESCESC[KOO[KAA[K[K:[K[K [KESCESC[KOO[KAA[K[K:[K[K [KESCESC[KOO[KAA[K[K:[K[K [KESCESC[KOO[KAA[K[K:[K[K [KESCESC[KOO[KAA[K[K:[K[K [KESCESC[KOO[KAA[K[K:[K[K [KESCESC[KOO[KBB[K           This parameter can be either a URL (see the section GIT URLS below)
:[K[K [KESCESC[KOO[KBB[K           or the name of a remote (see the section REMOTES below).
:[K[K [KESCESC[KOO[KBB[K
:[K[K[?1l>[?1049l
[3]+  Stopped                 git help push
]0;Connor@localhost:/home/Connor/Documents/comp3500/project1[root@localhost project1]# git remote add origit[Kn git@github.com:[K[K[K[K[K[K[K[K[K[K[K[K[K[K[Khttps://github.com/cranlz/OSpro ject1.git
]0;Connor@localhost:/home/Connor/Documents/comp3500/project1[root@localhost project1]# git push -u origin master
error:  while accessing https://github.com/cranlz/OSproject1.git/info/refs

fatal: HTTP request failed
]0;Connor@localhost:/home/Connor/Documents/comp3500/project1[root@localhost project1]# git add README.d[Kmd
fatal: pathspec 'README.md' did not match any files
]0;Connor@localhost:/home/Connor/Documents/comp3500/project1[root@localhost project1]# teac[K[K[Kouch README.md
]0;Connor@localhost:/home/Connor/Documents/comp3500/project1[root@localhost project1]# ls
commands.script  debugger.script  lspci.txt    README.md  simple.c
cpuinfo.txt      interrupts.txt   meminfo.txt  [0m[01;32msimple[0m
[m]0;Connor@localhost:/home/Connor/Documents/comp3500/project1[root@localhost project1]# git add README.md
]0;Connor@localhost:/home/Connor/Documents/comp3500/project1[root@localhost project1]# git commit -m "added ream[Kdme"
[master 06abfe5] added readme
 Committer: root <root@localhost.localdomain>
Your name and email address were configured automatically based
on your username and hostname. Please check that they are accurate.
You can suppress this message by setting them explicitly:

    git config --global user.name "Your Name"
    git config --global user.email you@example.com

If the identity used for this commit is wrong, you can fix it with:

    git commit --amend --author='Your Name <you@example.com>'

 0 files changed, 0 insertions(+), 0 deletions(-)
 create mode 100644 README.md
]0;Connor@localhost:/home/Connor/Documents/comp3500/project1[root@localhost project1]# git push -u origin master
error:  while accessing https://github.com/cranlz/OSproject1.git/info/refs

fatal: HTTP request failed
]0;Connor@localhost:/home/Connor/Documents/comp3500/project1[root@localhost project1]# git remote set-url origin https://cranlz[K[K[K[K[K[Kgithub.cin[K[Kom/cranlz/O Sporjec[K[K[K[K[Kroject1.git
]0;Connor@localhost:/home/Connor/Documents/comp3500/project1[root@localhost project1]# git remote set-url origin https://github.com/cranlz/OSSproject1.git[A[C[C[C[C[C[C[C[C[C[C[C[C[C[C[C[C[C[C[28Ppush -u origin master
[K[A[C[C[C[C[C[C[C[C[C[C[C[C[C[C[C[C[C[C[C[C[C[C[C[C[C[C[C[C[C[C[C[C[C[C[C[C[C[C[C[C[C[C[C[C[C[C[C[C[C[C[C[C
error:  while accessing https://github.com/cranlz/OSproject1.git/info/refs

fatal: HTTP request failed
]0;Connor@localhost:/home/Connor/Documents/comp3500/project1[root@localhost project1]# git remote set-url origin https://cranlz:cranlz56Eigt [A[C[C[C[C[C[C[C[C[C[C[C[C[C[C[C[C[C[C[C[C[C[C[C[C[C[C[C[C[C[C[C[C[C[C[C[C[C[C[C[C[C[C[C[C[C[C[C[C[C[C[C[C[C[C[C[C[C[C[C[C[C[C[C[C[C[C[C[C[C[C[C[C[C[C[C[C[C[C[C[K
[K[A[C[C[C[C[C[C[C[C[C[C[C[C[C[C[C[C[C[C[C[C[C[C[C[C[C[C[C[C[C[C[C[C[C[C[C[C[C[C[C[C[C[C[C[C[C[C[C[C[C[C[C[C[C[C[C[C[C[C[C[C[C[C[C[C[C[C[C[C[C[C[C[C[C[C[C[C[C[C[Ch t9@github.com/cranlz/o[KOSproject1.git
]0;Connor@localhost:/home/Connor/Documents/comp3500/project1[root@localhost project1]# git remote set-url origin https://cranlz:cranlz56Eightt9@github.com/cranlz/OSproject1.git[A[28Ppush -u origin master
[K[A[C[C[C[C[C[C[C[C[C[C[C[C[C[C[C[C[C[C[C[C[C[C[C[C[C[C[C[C[C[C[C[C[C[C[C[C[C[C[C[C[C[C[C[C[C[C[C[C[C[C[C[C
error:  while accessing https://cranlz:cranlz56Eight9@github.com/cranlz/OSproject1.git/info/refs

fatal: HTTP request failed
]0;Connor@localhost:/home/Connor/Documents/comp3500/project1[root@localhost project1]# git push -u origin masterremote set-url origin https://cranlz:cranlz56Eightt9@github.com/cranlz/OSproject1.git[K[K[K[K[K[K[K[K[K[K[K[K[K[K[K[K[K[K[K[K[K[K[K[K[K[K[K[K[K[K[K[K[K[K[K[A[C[C[C[C[C[C[C[C[C[C[C[C[C[C[C[C[C[C[C[C[C[C[C[C[C[C[C[C[C[C[C[C[C[C[C[C[C[C[C[C[C[C[C[C[C[C[C[C[C[C[C[C[C[C[C[C[C[C[C[C[C[C[C[C[C[C[C[C[C[C[C[C[C[C[C[C[C[C[C[K
[K[A[C[C[C[C[C[C[C[C[C[C[C[C[C[C[C[C[C[C[C[C[C[C[C[C[C[C[C[C[C[C[C[C[C[C[C[C[C[C[C[C[C[C[C[C[C[C[C[C[C[C[C[C[C[C[C[C[C[C[C[C[C[C[C[C[C[C[C[C[C[C[C[C[C[C[C[C[C[C[C[K[K[K[K[K[K[K[K[K[K[K[K@github.com/c ranlz.[K/OSproject1.gim[Kt
]0;Connor@localhost:/home/Connor/Documents/comp3500/project1[root@localhost project1]# git remote set-url origin https://cranlz@github.com/crranlz/OSproject1.git[A[C[C[C[C[C[C[C[C[C[C[C[28Ppush -u origin master
[K[A[C[C[C[C[C[C[C[C[C[C[C[C[C[C[C[C[C[C[C[C[C[C[C[C[C[C[C[C[C[C[C[C[C[C[C[C[C[C[C[C[C[C[C[C[C[C[C[C[C[C[C[C
error:  while accessing https://cranlz@github.com/cranlz/OSproject1.git/info/refs

fatal: HTTP request failed
]0;Connor@localhost:/home/Connor/Documents/comp3500/project1[root@localhost project1]# git push -u origin master
error:  while accessing https://cranlz@github.com/cranlz/OSproject1.git/info/refs

fatal: HTTP request failed
]0;Connor@localhost:/home/Connor/Documents/comp3500/project1[root@localhost project1]# git push -u origin master

error:  while accessing https://cranlz@github.com/cranlz/OSproject1.git/info/refs

fatal: HTTP request failed
]0;Connor@localhost:/home/Connor/Documents/comp3500/project1[root@localhost project1]# 
]0;Connor@localhost:/home/Connor/Documents/comp3500/project1[root@localhost project1]# git push -u origin master
error:  while accessing https://cranlz@github.com/cranlz/OSproject1.git/info/refs

fatal: HTTP request failed
]0;Connor@localhost:/home/Connor/Documents/comp3500/project1[root@localhost project1]# git push -u origin master
error:  while accessing https://cranlz@github.com/cranlz/OSproject1.git/info/refs

fatal: HTTP request failed
]0;Connor@localhost:/home/Connor/Documents/comp3500/project1[root@localhost project1]# git push -u origin master
error:  while accessing https://cranlz@github.com/cranlz/OSproject1.git/info/refs

fatal: HTTP request failed
]0;Connor@localhost:/home/Connor/Documents/comp3500/project1[root@localhost project1]# git push -u origin master
error:  while accessing https://cranlz@github.com/cranlz/OSproject1.git/info/refs

fatal: HTTP request failed
]0;Connor@localhost:/home/Connor/Documents/comp3500/project1[root@localhost project1]# git push -u origin master
error:  while accessing https://cranlz@github.com/cranlz/OSproject1.git/info/refs

fatal: HTTP request failed
]0;Connor@localhost:/home/Connor/Documents/comp3500/project1[root@localhost project1]# clear
[H[2J]0;Co